
> web@0.1.0 build
> next build

  Γû▓ Next.js 14.2.3

   Creating an optimized production build ...
npm : Failed to 
compile.
At line:1 char:1
+ npm run build 
--prefix apps/web > 
build_output.txt 2>&1
+ ~~~~~~~~~~~~~~~~~~~~
~~~~~~~~~~~~~~~~~~~~~~
~~~~~~~~~~~~~
    + CategoryInfo    
          : NotSpeci  
  fied: (Failed to    
 compile.:String)     
[], RemoteExcepti    
on
    + FullyQualifiedE 
   rrorId : NativeCo  
  mmandError
 

./src/app/layout.tsx
Module not found: 
Can't resolve '@vercel
/analytics/react'

https://nextjs.org/doc
s/messages/module-not-
found


> Build failed 
because of webpack 
errors
